%!Adobe-FontList 1.16
%Locale:0x409

%BeginFont
Handler:DirectoryHandler
FontType:Type1
FontName:FranklinGothicEF-Book
FamilyName:FranklinGothicEF
StyleName:Book
MenuName:FranklinGothicEF-Book
StyleBits:0
WeightClass:400
WidthClass:5
AngleClass:0
FullName:FranklinGothicEF-Book
WritingScript:Roman
OutlineFileName:\FrankGotEFBoo
DataFormat:POSTResource
UsesStandardEncoding:yes
isCFF:no
FileLength:36835
FileModTime:1181551057
DesignSize:-1
%EndFont

%BeginFont
Handler:DirectoryHandler
FontType:Type1
FontName:FranklinGothicEF-Demi
FamilyName:FranklinGothicEF
StyleName:Demi
MenuName:FranklinGothicEF-Demi
StyleBits:2
WeightClass:600
WidthClass:5
AngleClass:0
FullName:FranklinGothicEF-Demi
WritingScript:Roman
OutlineFileName:\FrankGotEFDem
DataFormat:POSTResource
UsesStandardEncoding:yes
isCFF:no
FileLength:37637
FileModTime:1181551057
DesignSize:-1
%EndFont

%BeginFont
Handler:DirectoryHandler
FontType:Type1
FontName:FranklinGothicEF-Heavy
FamilyName:FranklinGothicEF
StyleName:Heavy
MenuName:FranklinGothicEF-Heavy
StyleBits:2
WeightClass:850
WidthClass:5
AngleClass:0
FullName:FranklinGothicEF-Heavy
WritingScript:Roman
OutlineFileName:\FrankGotEFHea
DataFormat:POSTResource
UsesStandardEncoding:yes
isCFF:no
FileLength:37643
FileModTime:1181551057
DesignSize:-1
%EndFont

%BeginFont
Handler:DirectoryHandler
FontType:Type1
FontName:FranklinGothicEF-Medium
FamilyName:FranklinGothicEF
StyleName:Medium
MenuName:FranklinGothicEF-Medium
StyleBits:0
WeightClass:500
WidthClass:5
AngleClass:0
FullName:FranklinGothicEF-Medium
WritingScript:Roman
OutlineFileName:\FrankGotEFMed
DataFormat:POSTResource
UsesStandardEncoding:yes
isCFF:no
FileLength:37158
FileModTime:1181551057
DesignSize:-1
%EndFont

%BeginFont
Handler:DirectoryHandler
FontType:Suitcase
FontName:FranklinGothicEF-Book
OutlineFileName:\FranklinGothicEF-Book.bmap
ResourceID:10099
MacStyle:0
FileLength:11997
FileModTime:1383922994
%EndFont

%BeginFont
Handler:DirectoryHandler
FontType:Suitcase
FontName:FranklinGothicEF-Demi
OutlineFileName:\FranklinGothicEF-Demi.bmap
ResourceID:10101
MacStyle:0
FileLength:12585
FileModTime:1383922994
%EndFont

%BeginFont
Handler:DirectoryHandler
FontType:Suitcase
FontName:FranklinGothicEF-Heavy
OutlineFileName:\FranklinGothicEF-Heavy.bmap
ResourceID:10102
MacStyle:0
FileLength:12401
FileModTime:1383922994
%EndFont

%BeginFont
Handler:DirectoryHandler
FontType:Suitcase
FontName:FranklinGothicEF-Medium
OutlineFileName:\FranklinGothicEF-Medium.bmap
ResourceID:10100
MacStyle:0
FileLength:11902
FileModTime:1383922994
%EndFont

